// Jest Snapshot v1, https://goo.gl/fbAQLP

exports[`Search renders correctly 1`] = `
<div>
  <label>
     
    Search Me
    :
    <input
      class="searchInput"
      name="q"
      type="search"
    />
  </label>
  <a
    class="searchButton"
    href="https://localhost/?q="
  />
</div>
`;
