// Jest Snapshot v1, https://goo.gl/fbAQLP

exports[`TitlePage renders correctly 1`] = `
<div>
  <h1
    class="TitleElement"
  >
    Hello, World
  </h1>
</div>
`;
